{
  "version": "3.0.0",
  "plugins_used": [
    {
      "name": "Base64HighEntropyString",
      "hex_limit": 3.0,
      "base64_limit": 4.5
    },
    {
      "name": "HexHighEntropyString",
      "hex_limit": 3.0,
      "base64_limit": 4.5
    },
    {
      "name": "KeywordDetector"
    }
  ],
  "results": {}
}

